------------------------------------------------------------
Timing Analyzer Summary
------------------------------------------------------------

Type  : Slow 1100mV 85C Model Setup 'clk'
Slack : -7.014
TNS   : -187.767

Type  : Slow 1100mV 85C Model Setup 'UART:uart|UART_BaudRate_generator:I_BAUDGEN|baudRateReg[0]'
Slack : -4.822
TNS   : -120.018

Type  : Slow 1100mV 85C Model Hold 'clk'
Slack : 0.324
TNS   : 0.000

Type  : Slow 1100mV 85C Model Hold 'UART:uart|UART_BaudRate_generator:I_BAUDGEN|baudRateReg[0]'
Slack : 0.709
TNS   : 0.000

Type  : Slow 1100mV 85C Model Minimum Pulse Width 'clk'
Slack : -2.174
TNS   : -82.498

Type  : Slow 1100mV 85C Model Minimum Pulse Width 'UART:uart|UART_BaudRate_generator:I_BAUDGEN|baudRateReg[0]'
Slack : -0.394
TNS   : -27.051

Type  : Slow 1100mV 0C Model Setup 'clk'
Slack : -6.742
TNS   : -172.702

Type  : Slow 1100mV 0C Model Setup 'UART:uart|UART_BaudRate_generator:I_BAUDGEN|baudRateReg[0]'
Slack : -5.067
TNS   : -126.239

Type  : Slow 1100mV 0C Model Hold 'clk'
Slack : 0.036
TNS   : 0.000

Type  : Slow 1100mV 0C Model Hold 'UART:uart|UART_BaudRate_generator:I_BAUDGEN|baudRateReg[0]'
Slack : 0.726
TNS   : 0.000

Type  : Slow 1100mV 0C Model Minimum Pulse Width 'clk'
Slack : -2.174
TNS   : -84.108

Type  : Slow 1100mV 0C Model Minimum Pulse Width 'UART:uart|UART_BaudRate_generator:I_BAUDGEN|baudRateReg[0]'
Slack : -0.405
TNS   : -27.142

Type  : Fast 1100mV 85C Model Setup 'clk'
Slack : -4.247
TNS   : -103.320

Type  : Fast 1100mV 85C Model Setup 'UART:uart|UART_BaudRate_generator:I_BAUDGEN|baudRateReg[0]'
Slack : -2.725
TNS   : -61.859

Type  : Fast 1100mV 85C Model Hold 'clk'
Slack : 0.172
TNS   : 0.000

Type  : Fast 1100mV 85C Model Hold 'UART:uart|UART_BaudRate_generator:I_BAUDGEN|baudRateReg[0]'
Slack : 0.352
TNS   : 0.000

Type  : Fast 1100mV 85C Model Minimum Pulse Width 'clk'
Slack : -2.174
TNS   : -60.028

Type  : Fast 1100mV 85C Model Minimum Pulse Width 'UART:uart|UART_BaudRate_generator:I_BAUDGEN|baudRateReg[0]'
Slack : -0.123
TNS   : -2.084

Type  : Fast 1100mV 0C Model Setup 'clk'
Slack : -3.640
TNS   : -83.300

Type  : Fast 1100mV 0C Model Setup 'UART:uart|UART_BaudRate_generator:I_BAUDGEN|baudRateReg[0]'
Slack : -2.711
TNS   : -61.969

Type  : Fast 1100mV 0C Model Hold 'clk'
Slack : 0.118
TNS   : 0.000

Type  : Fast 1100mV 0C Model Hold 'UART:uart|UART_BaudRate_generator:I_BAUDGEN|baudRateReg[0]'
Slack : 0.335
TNS   : 0.000

Type  : Fast 1100mV 0C Model Minimum Pulse Width 'clk'
Slack : -2.174
TNS   : -59.931

Type  : Fast 1100mV 0C Model Minimum Pulse Width 'UART:uart|UART_BaudRate_generator:I_BAUDGEN|baudRateReg[0]'
Slack : -0.088
TNS   : -1.119

------------------------------------------------------------
