------------------------------------------------------------
Timing Analyzer Summary
------------------------------------------------------------

Type  : Slow 1100mV 85C Model Setup 'clk'
Slack : -6.963
TNS   : -10976.083

Type  : Slow 1100mV 85C Model Setup 'UART:uart|UART_BaudRate_generator:I_BAUDGEN|baudRateReg[0]'
Slack : -6.276
TNS   : -130.347

Type  : Slow 1100mV 85C Model Hold 'clk'
Slack : 0.285
TNS   : 0.000

Type  : Slow 1100mV 85C Model Hold 'UART:uart|UART_BaudRate_generator:I_BAUDGEN|baudRateReg[0]'
Slack : 0.514
TNS   : 0.000

Type  : Slow 1100mV 85C Model Recovery 'clk'
Slack : -0.653
TNS   : -4.554

Type  : Slow 1100mV 85C Model Removal 'clk'
Slack : 0.784
TNS   : 0.000

Type  : Slow 1100mV 85C Model Minimum Pulse Width 'clk'
Slack : -2.174
TNS   : -13004.381

Type  : Slow 1100mV 85C Model Minimum Pulse Width 'UART:uart|UART_BaudRate_generator:I_BAUDGEN|baudRateReg[0]'
Slack : -0.394
TNS   : -23.618

Type  : Slow 1100mV 0C Model Setup 'clk'
Slack : -6.731
TNS   : -10382.355

Type  : Slow 1100mV 0C Model Setup 'UART:uart|UART_BaudRate_generator:I_BAUDGEN|baudRateReg[0]'
Slack : -6.510
TNS   : -136.017

Type  : Slow 1100mV 0C Model Hold 'clk'
Slack : 0.256
TNS   : 0.000

Type  : Slow 1100mV 0C Model Hold 'UART:uart|UART_BaudRate_generator:I_BAUDGEN|baudRateReg[0]'
Slack : 0.487
TNS   : 0.000

Type  : Slow 1100mV 0C Model Recovery 'clk'
Slack : -0.648
TNS   : -4.517

Type  : Slow 1100mV 0C Model Removal 'clk'
Slack : 0.728
TNS   : 0.000

Type  : Slow 1100mV 0C Model Minimum Pulse Width 'clk'
Slack : -2.174
TNS   : -13002.770

Type  : Slow 1100mV 0C Model Minimum Pulse Width 'UART:uart|UART_BaudRate_generator:I_BAUDGEN|baudRateReg[0]'
Slack : -0.394
TNS   : -24.620

Type  : Fast 1100mV 85C Model Setup 'clk'
Slack : -4.230
TNS   : -5264.477

Type  : Fast 1100mV 85C Model Setup 'UART:uart|UART_BaudRate_generator:I_BAUDGEN|baudRateReg[0]'
Slack : -3.653
TNS   : -70.381

Type  : Fast 1100mV 85C Model Hold 'clk'
Slack : 0.159
TNS   : 0.000

Type  : Fast 1100mV 85C Model Hold 'UART:uart|UART_BaudRate_generator:I_BAUDGEN|baudRateReg[0]'
Slack : 0.226
TNS   : 0.000

Type  : Fast 1100mV 85C Model Recovery 'clk'
Slack : 0.067
TNS   : 0.000

Type  : Fast 1100mV 85C Model Removal 'clk'
Slack : 0.442
TNS   : 0.000

Type  : Fast 1100mV 85C Model Minimum Pulse Width 'clk'
Slack : -2.174
TNS   : -12693.414

Type  : Fast 1100mV 85C Model Minimum Pulse Width 'UART:uart|UART_BaudRate_generator:I_BAUDGEN|baudRateReg[0]'
Slack : -0.094
TNS   : -1.437

Type  : Fast 1100mV 0C Model Setup 'clk'
Slack : -3.656
TNS   : -4227.659

Type  : Fast 1100mV 0C Model Setup 'UART:uart|UART_BaudRate_generator:I_BAUDGEN|baudRateReg[0]'
Slack : -3.550
TNS   : -70.018

Type  : Fast 1100mV 0C Model Hold 'clk'
Slack : 0.143
TNS   : 0.000

Type  : Fast 1100mV 0C Model Hold 'UART:uart|UART_BaudRate_generator:I_BAUDGEN|baudRateReg[0]'
Slack : 0.193
TNS   : 0.000

Type  : Fast 1100mV 0C Model Recovery 'clk'
Slack : 0.123
TNS   : 0.000

Type  : Fast 1100mV 0C Model Removal 'clk'
Slack : 0.399
TNS   : 0.000

Type  : Fast 1100mV 0C Model Minimum Pulse Width 'clk'
Slack : -2.174
TNS   : -12699.738

Type  : Fast 1100mV 0C Model Minimum Pulse Width 'UART:uart|UART_BaudRate_generator:I_BAUDGEN|baudRateReg[0]'
Slack : -0.061
TNS   : -0.880

------------------------------------------------------------
