------------------------------------------------------------
Timing Analyzer Summary
------------------------------------------------------------

Type  : Slow 1100mV 85C Model Setup 'clk'
Slack : -6.711
TNS   : -6351.389

Type  : Slow 1100mV 85C Model Setup 'UART:uart|UART_BaudRate_generator:I_BAUDGEN|baudRateReg[0]'
Slack : -4.202
TNS   : -103.027

Type  : Slow 1100mV 85C Model Hold 'clk'
Slack : 0.305
TNS   : 0.000

Type  : Slow 1100mV 85C Model Hold 'UART:uart|UART_BaudRate_generator:I_BAUDGEN|baudRateReg[0]'
Slack : 0.678
TNS   : 0.000

Type  : Slow 1100mV 85C Model Recovery 'clk'
Slack : -0.726
TNS   : -4.345

Type  : Slow 1100mV 85C Model Removal 'clk'
Slack : 0.851
TNS   : 0.000

Type  : Slow 1100mV 85C Model Minimum Pulse Width 'clk'
Slack : -2.174
TNS   : -8087.975

Type  : Slow 1100mV 85C Model Minimum Pulse Width 'UART:uart|UART_BaudRate_generator:I_BAUDGEN|baudRateReg[0]'
Slack : -0.442
TNS   : -29.257

Type  : Slow 1100mV 0C Model Setup 'clk'
Slack : -6.489
TNS   : -6010.968

Type  : Slow 1100mV 0C Model Setup 'UART:uart|UART_BaudRate_generator:I_BAUDGEN|baudRateReg[0]'
Slack : -4.515
TNS   : -110.060

Type  : Slow 1100mV 0C Model Hold 'clk'
Slack : 0.029
TNS   : 0.000

Type  : Slow 1100mV 0C Model Hold 'UART:uart|UART_BaudRate_generator:I_BAUDGEN|baudRateReg[0]'
Slack : 0.643
TNS   : 0.000

Type  : Slow 1100mV 0C Model Recovery 'clk'
Slack : -0.711
TNS   : -4.253

Type  : Slow 1100mV 0C Model Removal 'clk'
Slack : 0.817
TNS   : 0.000

Type  : Slow 1100mV 0C Model Minimum Pulse Width 'clk'
Slack : -2.174
TNS   : -8080.578

Type  : Slow 1100mV 0C Model Minimum Pulse Width 'UART:uart|UART_BaudRate_generator:I_BAUDGEN|baudRateReg[0]'
Slack : -0.452
TNS   : -29.327

Type  : Fast 1100mV 85C Model Setup 'clk'
Slack : -4.046
TNS   : -2949.789

Type  : Fast 1100mV 85C Model Setup 'UART:uart|UART_BaudRate_generator:I_BAUDGEN|baudRateReg[0]'
Slack : -2.325
TNS   : -51.078

Type  : Fast 1100mV 85C Model Hold 'clk'
Slack : 0.177
TNS   : 0.000

Type  : Fast 1100mV 85C Model Hold 'UART:uart|UART_BaudRate_generator:I_BAUDGEN|baudRateReg[0]'
Slack : 0.356
TNS   : 0.000

Type  : Fast 1100mV 85C Model Recovery 'clk'
Slack : 0.077
TNS   : 0.000

Type  : Fast 1100mV 85C Model Removal 'clk'
Slack : 0.459
TNS   : 0.000

Type  : Fast 1100mV 85C Model Minimum Pulse Width 'clk'
Slack : -2.174
TNS   : -7967.253

Type  : Fast 1100mV 85C Model Minimum Pulse Width 'UART:uart|UART_BaudRate_generator:I_BAUDGEN|baudRateReg[0]'
Slack : -0.164
TNS   : -4.456

Type  : Fast 1100mV 0C Model Setup 'clk'
Slack : -3.507
TNS   : -2365.262

Type  : Fast 1100mV 0C Model Setup 'UART:uart|UART_BaudRate_generator:I_BAUDGEN|baudRateReg[0]'
Slack : -2.369
TNS   : -53.124

Type  : Fast 1100mV 0C Model Hold 'clk'
Slack : 0.165
TNS   : 0.000

Type  : Fast 1100mV 0C Model Hold 'UART:uart|UART_BaudRate_generator:I_BAUDGEN|baudRateReg[0]'
Slack : 0.312
TNS   : 0.000

Type  : Fast 1100mV 0C Model Recovery 'clk'
Slack : 0.127
TNS   : 0.000

Type  : Fast 1100mV 0C Model Removal 'clk'
Slack : 0.422
TNS   : 0.000

Type  : Fast 1100mV 0C Model Minimum Pulse Width 'clk'
Slack : -2.174
TNS   : -7971.392

Type  : Fast 1100mV 0C Model Minimum Pulse Width 'UART:uart|UART_BaudRate_generator:I_BAUDGEN|baudRateReg[0]'
Slack : -0.118
TNS   : -2.871

------------------------------------------------------------
